Component: ARM Compiler 5.06 update 4 (build 422) Tool: armlink [4d35d2]

==============================================================================

Section Cross References

    main.o(.text) refers to serial_debug.o(.text) for init_serial_debug
    main.o(.text) refers to launchpad_io.o(.text) for lp_io_init
    main.o(.text) refers to ps2.o(.text) for init_ps2_interrupt
    main.o(.text) refers to lcd.o(.text) for lcd_config_gpio
    main.o(.text) refers to ft6x06.o(.text) for ft6x06_init
    main.o(.text) refers to printf8.o(i.__0printf$8) for __2printf
    main.o(.text) refers to io_expander.o(.text) for init_io_expander
    main.o(.text) refers to main.o(.data) for adc
    pc_buffer.o(.text) refers to malloc.o(i.malloc) for malloc
    eeprom.o(.text) refers to i2c.o(.text) for i2cVerifyBaseAddr
    eeprom.o(.text) refers to printf8.o(i.__0printf$8) for __2printf
    eeprom.o(.text) refers to rand.o(.text) for rand
    ft6x06.o(.text) refers to i2c.o(.text) for I2CMasterBusy
    ft6x06.o(.text) refers to gpio_port.o(.text) for gpio_enable_port
    io_expander.o(.text) refers to i2c.o(.text) for I2CMasterBusy
    lcd.o(.text) refers to gpio_port.o(.text) for gpio_enable_port
    ps2.o(.text) refers to gpio_port.o(.text) for gpio_enable_port
    ps2.o(.text) refers to adc.o(.text) for initialize_adc_interrupt
    serial_debug.o(.text) refers to gpio_port.o(.text) for gpio_enable_port
    serial_debug.o(.text) refers to pc_buffer.o(.text) for pc_buffer_init
    serial_debug.o(.text) refers to uart.o(.text) for uart_init
    serial_debug.o(.text) refers to serial_debug.o(.data) for Rx_Interrupts_Enabled
    serial_debug.o(.text) refers to serial_debug.o(.bss) for UART0_Tx_Buffer
    serial_debug.o(.text) refers to stdout.o(.data) for __stdout
    spi_select.o(.text) refers to gpio_port.o(.text) for gpio_enable_port
    wireless.o(.text) refers to spi.o(.text) for spiTx
    wireless.o(.text) refers to gpio_port.o(.text) for gpio_enable_port
    wireless.o(.text) refers to printf8.o(i.__0printf$8) for __2printf
    wireless.o(.data) refers to wireless.o(.conststring) for .conststring
    startup_tm4c123.o(RESET) refers to startup_tm4c123.o(STACK) for __initial_sp
    startup_tm4c123.o(RESET) refers to startup_tm4c123.o(.text) for Reset_Handler
    startup_tm4c123.o(RESET) refers to serial_debug.o(.text) for UART0_Handler
    startup_tm4c123.o(RESET) refers to main.o(.text) for ADC0SS2_Handler
    startup_tm4c123.o(.text) refers to system_tm4c123.o(.text) for SystemInit
    startup_tm4c123.o(.text) refers to entry.o(.ARM.Collect$$$$00000000) for __main
    system_tm4c123.o(.text) refers to system_tm4c123.o(.data) for SystemCoreClock
    entry.o(.ARM.Collect$$$$00000000) refers (Special) to entry10a.o(.ARM.Collect$$$$0000000D) for __rt_final_cpp
    entry.o(.ARM.Collect$$$$00000000) refers (Special) to entry11a.o(.ARM.Collect$$$$0000000F) for __rt_final_exit
    entry.o(.ARM.Collect$$$$00000000) refers (Special) to entry7b.o(.ARM.Collect$$$$00000008) for _main_clock
    entry.o(.ARM.Collect$$$$00000000) refers (Special) to entry8b.o(.ARM.Collect$$$$0000000A) for _main_cpp_init
    entry.o(.ARM.Collect$$$$00000000) refers (Special) to entry9a.o(.ARM.Collect$$$$0000000B) for _main_init
    entry.o(.ARM.Collect$$$$00000000) refers (Special) to entry5.o(.ARM.Collect$$$$00000004) for _main_scatterload
    entry.o(.ARM.Collect$$$$00000000) refers (Special) to entry2.o(.ARM.Collect$$$$00000001) for _main_stk
    rand.o(.text) refers to rand.o(.data) for .data
    printfb.o(i.__0fprintf$bare) refers to printfb.o(i._printf_core) for _printf_core
    printfb.o(i.__0fprintf$bare) refers to serial_debug.o(.text) for fputc
    printfb.o(i.__0printf$bare) refers to printfb.o(i._printf_core) for _printf_core
    printfb.o(i.__0printf$bare) refers to serial_debug.o(.text) for fputc
    printfb.o(i.__0printf$bare) refers to stdout.o(.data) for __stdout
    printfb.o(i.__0snprintf$bare) refers to printfb.o(i._printf_core) for _printf_core
    printfb.o(i.__0snprintf$bare) refers to printfb.o(i._snputc) for _snputc
    printfb.o(i.__0sprintf$bare) refers to printfb.o(i._printf_core) for _printf_core
    printfb.o(i.__0sprintf$bare) refers to printfb.o(i._sputc) for _sputc
    printfb.o(i.__0vfprintf$bare) refers to printfb.o(i._printf_core) for _printf_core
    printfb.o(i.__0vfprintf$bare) refers to serial_debug.o(.text) for fputc
    printfb.o(i.__0vprintf$bare) refers to printfb.o(i._printf_core) for _printf_core
    printfb.o(i.__0vprintf$bare) refers to serial_debug.o(.text) for fputc
    printfb.o(i.__0vprintf$bare) refers to stdout.o(.data) for __stdout
    printfb.o(i.__0vsnprintf$bare) refers to printfb.o(i._printf_core) for _printf_core
    printfb.o(i.__0vsnprintf$bare) refers to printfb.o(i._snputc) for _snputc
    printfb.o(i.__0vsprintf$bare) refers to printfb.o(i._printf_core) for _printf_core
    printfb.o(i.__0vsprintf$bare) refers to printfb.o(i._sputc) for _sputc
    printf0.o(i.__0fprintf$0) refers to printf0.o(i._printf_core) for _printf_core
    printf0.o(i.__0fprintf$0) refers to serial_debug.o(.text) for fputc
    printf0.o(i.__0printf$0) refers to printf0.o(i._printf_core) for _printf_core
    printf0.o(i.__0printf$0) refers to serial_debug.o(.text) for fputc
    printf0.o(i.__0printf$0) refers to stdout.o(.data) for __stdout
    printf0.o(i.__0snprintf$0) refers to printf0.o(i._printf_core) for _printf_core
    printf0.o(i.__0snprintf$0) refers to printf0.o(i._snputc) for _snputc
    printf0.o(i.__0sprintf$0) refers to printf0.o(i._printf_core) for _printf_core
    printf0.o(i.__0sprintf$0) refers to printf0.o(i._sputc) for _sputc
    printf0.o(i.__0vfprintf$0) refers to printf0.o(i._printf_core) for _printf_core
    printf0.o(i.__0vfprintf$0) refers to serial_debug.o(.text) for fputc
    printf0.o(i.__0vprintf$0) refers to printf0.o(i._printf_core) for _printf_core
    printf0.o(i.__0vprintf$0) refers to serial_debug.o(.text) for fputc
    printf0.o(i.__0vprintf$0) refers to stdout.o(.data) for __stdout
    printf0.o(i.__0vsnprintf$0) refers to printf0.o(i._printf_core) for _printf_core
    printf0.o(i.__0vsnprintf$0) refers to printf0.o(i._snputc) for _snputc
    printf0.o(i.__0vsprintf$0) refers to printf0.o(i._printf_core) for _printf_core
    printf0.o(i.__0vsprintf$0) refers to printf0.o(i._sputc) for _sputc
    printf1.o(i.__0fprintf$1) refers to printf1.o(i._printf_core) for _printf_core
    printf1.o(i.__0fprintf$1) refers to serial_debug.o(.text) for fputc
    printf1.o(i.__0printf$1) refers to printf1.o(i._printf_core) for _printf_core
    printf1.o(i.__0printf$1) refers to serial_debug.o(.text) for fputc
    printf1.o(i.__0printf$1) refers to stdout.o(.data) for __stdout
    printf1.o(i.__0snprintf$1) refers to printf1.o(i._printf_core) for _printf_core
    printf1.o(i.__0snprintf$1) refers to printf1.o(i._snputc) for _snputc
    printf1.o(i.__0sprintf$1) refers to printf1.o(i._printf_core) for _printf_core
    printf1.o(i.__0sprintf$1) refers to printf1.o(i._sputc) for _sputc
    printf1.o(i.__0vfprintf$1) refers to printf1.o(i._printf_core) for _printf_core
    printf1.o(i.__0vfprintf$1) refers to serial_debug.o(.text) for fputc
    printf1.o(i.__0vprintf$1) refers to printf1.o(i._printf_core) for _printf_core
    printf1.o(i.__0vprintf$1) refers to serial_debug.o(.text) for fputc
    printf1.o(i.__0vprintf$1) refers to stdout.o(.data) for __stdout
    printf1.o(i.__0vsnprintf$1) refers to printf1.o(i._printf_core) for _printf_core
    printf1.o(i.__0vsnprintf$1) refers to printf1.o(i._snputc) for _snputc
    printf1.o(i.__0vsprintf$1) refers to printf1.o(i._printf_core) for _printf_core
    printf1.o(i.__0vsprintf$1) refers to printf1.o(i._sputc) for _sputc
    printf1.o(i._printf_core) refers to uidiv.o(.text) for __aeabi_uidivmod
    printf2.o(i.__0fprintf$2) refers to printf2.o(i._printf_core) for _printf_core
    printf2.o(i.__0fprintf$2) refers to serial_debug.o(.text) for fputc
    printf2.o(i.__0printf$2) refers to printf2.o(i._printf_core) for _printf_core
    printf2.o(i.__0printf$2) refers to serial_debug.o(.text) for fputc
    printf2.o(i.__0printf$2) refers to stdout.o(.data) for __stdout
    printf2.o(i.__0snprintf$2) refers to printf2.o(i._printf_core) for _printf_core
    printf2.o(i.__0snprintf$2) refers to printf2.o(i._snputc) for _snputc
    printf2.o(i.__0sprintf$2) refers to printf2.o(i._printf_core) for _printf_core
    printf2.o(i.__0sprintf$2) refers to printf2.o(i._sputc) for _sputc
    printf2.o(i.__0vfprintf$2) refers to printf2.o(i._printf_core) for _printf_core
    printf2.o(i.__0vfprintf$2) refers to serial_debug.o(.text) for fputc
    printf2.o(i.__0vprintf$2) refers to printf2.o(i._printf_core) for _printf_core
    printf2.o(i.__0vprintf$2) refers to serial_debug.o(.text) for fputc
    printf2.o(i.__0vprintf$2) refers to stdout.o(.data) for __stdout
    printf2.o(i.__0vsnprintf$2) refers to printf2.o(i._printf_core) for _printf_core
    printf2.o(i.__0vsnprintf$2) refers to printf2.o(i._snputc) for _snputc
    printf2.o(i.__0vsprintf$2) refers to printf2.o(i._printf_core) for _printf_core
    printf2.o(i.__0vsprintf$2) refers to printf2.o(i._sputc) for _sputc
    printf3.o(i.__0fprintf$3) refers to printf3.o(i._printf_core) for _printf_core
    printf3.o(i.__0fprintf$3) refers to serial_debug.o(.text) for fputc
    printf3.o(i.__0printf$3) refers to printf3.o(i._printf_core) for _printf_core
    printf3.o(i.__0printf$3) refers to serial_debug.o(.text) for fputc
    printf3.o(i.__0printf$3) refers to stdout.o(.data) for __stdout
    printf3.o(i.__0snprintf$3) refers to printf3.o(i._printf_core) for _printf_core
    printf3.o(i.__0snprintf$3) refers to printf3.o(i._snputc) for _snputc
    printf3.o(i.__0sprintf$3) refers to printf3.o(i._printf_core) for _printf_core
    printf3.o(i.__0sprintf$3) refers to printf3.o(i._sputc) for _sputc
    printf3.o(i.__0vfprintf$3) refers to printf3.o(i._printf_core) for _printf_core
    printf3.o(i.__0vfprintf$3) refers to serial_debug.o(.text) for fputc
    printf3.o(i.__0vprintf$3) refers to printf3.o(i._printf_core) for _printf_core
    printf3.o(i.__0vprintf$3) refers to serial_debug.o(.text) for fputc
    printf3.o(i.__0vprintf$3) refers to stdout.o(.data) for __stdout
    printf3.o(i.__0vsnprintf$3) refers to printf3.o(i._printf_core) for _printf_core
    printf3.o(i.__0vsnprintf$3) refers to printf3.o(i._snputc) for _snputc
    printf3.o(i.__0vsprintf$3) refers to printf3.o(i._printf_core) for _printf_core
    printf3.o(i.__0vsprintf$3) refers to printf3.o(i._sputc) for _sputc
    printf3.o(i._printf_core) refers to uidiv.o(.text) for __aeabi_uidivmod
    printf4.o(i.__0fprintf$4) refers to printf4.o(i._printf_core) for _printf_core
    printf4.o(i.__0fprintf$4) refers to serial_debug.o(.text) for fputc
    printf4.o(i.__0printf$4) refers to printf4.o(i._printf_core) for _printf_core
    printf4.o(i.__0printf$4) refers to serial_debug.o(.text) for fputc
    printf4.o(i.__0printf$4) refers to stdout.o(.data) for __stdout
    printf4.o(i.__0snprintf$4) refers to printf4.o(i._printf_core) for _printf_core
    printf4.o(i.__0snprintf$4) refers to printf4.o(i._snputc) for _snputc
    printf4.o(i.__0sprintf$4) refers to printf4.o(i._printf_core) for _printf_core
    printf4.o(i.__0sprintf$4) refers to printf4.o(i._sputc) for _sputc
    printf4.o(i.__0vfprintf$4) refers to printf4.o(i._printf_core) for _printf_core
    printf4.o(i.__0vfprintf$4) refers to serial_debug.o(.text) for fputc
    printf4.o(i.__0vprintf$4) refers to printf4.o(i._printf_core) for _printf_core
    printf4.o(i.__0vprintf$4) refers to serial_debug.o(.text) for fputc
    printf4.o(i.__0vprintf$4) refers to stdout.o(.data) for __stdout
    printf4.o(i.__0vsnprintf$4) refers to printf4.o(i._printf_core) for _printf_core
    printf4.o(i.__0vsnprintf$4) refers to printf4.o(i._snputc) for _snputc
    printf4.o(i.__0vsprintf$4) refers to printf4.o(i._printf_core) for _printf_core
    printf4.o(i.__0vsprintf$4) refers to printf4.o(i._sputc) for _sputc
    printf4.o(i._printf_core) refers to uldiv.o(.text) for __aeabi_uldivmod
    printf5.o(i.__0fprintf$5) refers to printf5.o(i._printf_core) for _printf_core
    printf5.o(i.__0fprintf$5) refers to serial_debug.o(.text) for fputc
    printf5.o(i.__0printf$5) refers to printf5.o(i._printf_core) for _printf_core
    printf5.o(i.__0printf$5) refers to serial_debug.o(.text) for fputc
    printf5.o(i.__0printf$5) refers to stdout.o(.data) for __stdout
    printf5.o(i.__0snprintf$5) refers to printf5.o(i._printf_core) for _printf_core
    printf5.o(i.__0snprintf$5) refers to printf5.o(i._snputc) for _snputc
    printf5.o(i.__0sprintf$5) refers to printf5.o(i._printf_core) for _printf_core
    printf5.o(i.__0sprintf$5) refers to printf5.o(i._sputc) for _sputc
    printf5.o(i.__0vfprintf$5) refers to printf5.o(i._printf_core) for _printf_core
    printf5.o(i.__0vfprintf$5) refers to serial_debug.o(.text) for fputc
    printf5.o(i.__0vprintf$5) refers to printf5.o(i._printf_core) for _printf_core
    printf5.o(i.__0vprintf$5) refers to serial_debug.o(.text) for fputc
    printf5.o(i.__0vprintf$5) refers to stdout.o(.data) for __stdout
    printf5.o(i.__0vsnprintf$5) refers to printf5.o(i._printf_core) for _printf_core
    printf5.o(i.__0vsnprintf$5) refers to printf5.o(i._snputc) for _snputc
    printf5.o(i.__0vsprintf$5) refers to printf5.o(i._printf_core) for _printf_core
    printf5.o(i.__0vsprintf$5) refers to printf5.o(i._sputc) for _sputc
    printf5.o(i._printf_core) refers to uldiv.o(.text) for __aeabi_uldivmod
    printf6.o(i.__0fprintf$6) refers to printf6.o(i._printf_core) for _printf_core
    printf6.o(i.__0fprintf$6) refers to serial_debug.o(.text) for fputc
    printf6.o(i.__0printf$6) refers to printf6.o(i._printf_core) for _printf_core
    printf6.o(i.__0printf$6) refers to serial_debug.o(.text) for fputc
    printf6.o(i.__0printf$6) refers to stdout.o(.data) for __stdout
    printf6.o(i.__0snprintf$6) refers to printf6.o(i._printf_core) for _printf_core
    printf6.o(i.__0snprintf$6) refers to printf6.o(i._snputc) for _snputc
    printf6.o(i.__0sprintf$6) refers to printf6.o(i._printf_core) for _printf_core
    printf6.o(i.__0sprintf$6) refers to printf6.o(i._sputc) for _sputc
    printf6.o(i.__0vfprintf$6) refers to printf6.o(i._printf_core) for _printf_core
    printf6.o(i.__0vfprintf$6) refers to serial_debug.o(.text) for fputc
    printf6.o(i.__0vprintf$6) refers to printf6.o(i._printf_core) for _printf_core
    printf6.o(i.__0vprintf$6) refers to serial_debug.o(.text) for fputc
    printf6.o(i.__0vprintf$6) refers to stdout.o(.data) for __stdout
    printf6.o(i.__0vsnprintf$6) refers to printf6.o(i._printf_core) for _printf_core
    printf6.o(i.__0vsnprintf$6) refers to printf6.o(i._snputc) for _snputc
    printf6.o(i.__0vsprintf$6) refers to printf6.o(i._printf_core) for _printf_core
    printf6.o(i.__0vsprintf$6) refers to printf6.o(i._sputc) for _sputc
    printf6.o(i._printf_core) refers to printf6.o(i._printf_pre_padding) for _printf_pre_padding
    printf6.o(i._printf_core) refers to uidiv.o(.text) for __aeabi_uidivmod
    printf6.o(i._printf_core) refers to printf6.o(i._printf_post_padding) for _printf_post_padding
    printf7.o(i.__0fprintf$7) refers to printf7.o(i._printf_core) for _printf_core
    printf7.o(i.__0fprintf$7) refers to serial_debug.o(.text) for fputc
    printf7.o(i.__0printf$7) refers to printf7.o(i._printf_core) for _printf_core
    printf7.o(i.__0printf$7) refers to serial_debug.o(.text) for fputc
    printf7.o(i.__0printf$7) refers to stdout.o(.data) for __stdout
    printf7.o(i.__0snprintf$7) refers to printf7.o(i._printf_core) for _printf_core
    printf7.o(i.__0snprintf$7) refers to printf7.o(i._snputc) for _snputc
    printf7.o(i.__0sprintf$7) refers to printf7.o(i._printf_core) for _printf_core
    printf7.o(i.__0sprintf$7) refers to printf7.o(i._sputc) for _sputc
    printf7.o(i.__0vfprintf$7) refers to printf7.o(i._printf_core) for _printf_core
    printf7.o(i.__0vfprintf$7) refers to serial_debug.o(.text) for fputc
    printf7.o(i.__0vprintf$7) refers to printf7.o(i._printf_core) for _printf_core
    printf7.o(i.__0vprintf$7) refers to serial_debug.o(.text) for fputc
    printf7.o(i.__0vprintf$7) refers to stdout.o(.data) for __stdout
    printf7.o(i.__0vsnprintf$7) refers to printf7.o(i._printf_core) for _printf_core
    printf7.o(i.__0vsnprintf$7) refers to printf7.o(i._snputc) for _snputc
    printf7.o(i.__0vsprintf$7) refers to printf7.o(i._printf_core) for _printf_core
    printf7.o(i.__0vsprintf$7) refers to printf7.o(i._sputc) for _sputc
    printf7.o(i._printf_core) refers to printf7.o(i._printf_pre_padding) for _printf_pre_padding
    printf7.o(i._printf_core) refers to uldiv.o(.text) for __aeabi_uldivmod
    printf7.o(i._printf_core) refers to printf7.o(i._printf_post_padding) for _printf_post_padding
    printf8.o(i.__0fprintf$8) refers to printf8.o(i._printf_core) for _printf_core
    printf8.o(i.__0fprintf$8) refers to serial_debug.o(.text) for fputc
    printf8.o(i.__0printf$8) refers to printf8.o(i._printf_core) for _printf_core
    printf8.o(i.__0printf$8) refers to serial_debug.o(.text) for fputc
    printf8.o(i.__0printf$8) refers to stdout.o(.data) for __stdout
    printf8.o(i.__0snprintf$8) refers to printf8.o(i._printf_core) for _printf_core
    printf8.o(i.__0snprintf$8) refers to printf8.o(i._snputc) for _snputc
    printf8.o(i.__0sprintf$8) refers to printf8.o(i._printf_core) for _printf_core
    printf8.o(i.__0sprintf$8) refers to printf8.o(i._sputc) for _sputc
    printf8.o(i.__0vfprintf$8) refers to printf8.o(i._printf_core) for _printf_core
    printf8.o(i.__0vfprintf$8) refers to serial_debug.o(.text) for fputc
    printf8.o(i.__0vprintf$8) refers to printf8.o(i._printf_core) for _printf_core
    printf8.o(i.__0vprintf$8) refers to serial_debug.o(.text) for fputc
    printf8.o(i.__0vprintf$8) refers to stdout.o(.data) for __stdout
    printf8.o(i.__0vsnprintf$8) refers to printf8.o(i._printf_core) for _printf_core
    printf8.o(i.__0vsnprintf$8) refers to printf8.o(i._snputc) for _snputc
    printf8.o(i.__0vsprintf$8) refers to printf8.o(i._printf_core) for _printf_core
    printf8.o(i.__0vsprintf$8) refers to printf8.o(i._sputc) for _sputc
    printf8.o(i._printf_core) refers to printf8.o(i._printf_pre_padding) for _printf_pre_padding
    printf8.o(i._printf_core) refers to uldiv.o(.text) for __aeabi_uldivmod
    printf8.o(i._printf_core) refers to printf8.o(i._printf_post_padding) for _printf_post_padding
    printfa.o(i.__0fprintf) refers (Special) to iusefp.o(.text) for __I$use$fp
    printfa.o(i.__0fprintf) refers to printfa.o(i._printf_core) for _printf_core
    printfa.o(i.__0fprintf) refers to serial_debug.o(.text) for fputc
    printfa.o(i.__0printf) refers (Special) to iusefp.o(.text) for __I$use$fp
    printfa.o(i.__0printf) refers to printfa.o(i._printf_core) for _printf_core
    printfa.o(i.__0printf) refers to serial_debug.o(.text) for fputc
    printfa.o(i.__0printf) refers to stdout.o(.data) for __stdout
    printfa.o(i.__0snprintf) refers (Special) to iusefp.o(.text) for __I$use$fp
    printfa.o(i.__0snprintf) refers to printfa.o(i._printf_core) for _printf_core
    printfa.o(i.__0snprintf) refers to printfa.o(i._snputc) for _snputc
    printfa.o(i.__0sprintf) refers (Special) to iusefp.o(.text) for __I$use$fp
    printfa.o(i.__0sprintf) refers to printfa.o(i._printf_core) for _printf_core
    printfa.o(i.__0sprintf) refers to printfa.o(i._sputc) for _sputc
    printfa.o(i.__0vfprintf) refers (Special) to iusefp.o(.text) for __I$use$fp
    printfa.o(i.__0vfprintf) refers to printfa.o(i._printf_core) for _printf_core
    printfa.o(i.__0vfprintf) refers to serial_debug.o(.text) for fputc
    printfa.o(i.__0vprintf) refers (Special) to iusefp.o(.text) for __I$use$fp
    printfa.o(i.__0vprintf) refers to printfa.o(i._printf_core) for _printf_core
    printfa.o(i.__0vprintf) refers to serial_debug.o(.text) for fputc
    printfa.o(i.__0vprintf) refers to stdout.o(.data) for __stdout
    printfa.o(i.__0vsnprintf) refers (Special) to iusefp.o(.text) for __I$use$fp
    printfa.o(i.__0vsnprintf) refers to printfa.o(i._printf_core) for _printf_core
    printfa.o(i.__0vsnprintf) refers to printfa.o(i._snputc) for _snputc
    printfa.o(i.__0vsprintf) refers (Special) to iusefp.o(.text) for __I$use$fp
    printfa.o(i.__0vsprintf) refers to printfa.o(i._printf_core) for _printf_core
    printfa.o(i.__0vsprintf) refers to printfa.o(i._sputc) for _sputc
    printfa.o(i._fp_digits) refers (Special) to iusefp.o(.text) for __I$use$fp
    printfa.o(i._fp_digits) refers to dmul.o(.text) for __aeabi_dmul
    printfa.o(i._fp_digits) refers to ddiv.o(.text) for __aeabi_ddiv
    printfa.o(i._fp_digits) refers to cdrcmple.o(.text) for __aeabi_cdrcmple
    printfa.o(i._fp_digits) refers to dadd.o(.text) for __aeabi_dadd
    printfa.o(i._fp_digits) refers to dfixul.o(.text) for __aeabi_d2ulz
    printfa.o(i._fp_digits) refers to uldiv.o(.text) for __aeabi_uldivmod
    printfa.o(i._printf_core) refers (Special) to iusefp.o(.text) for __I$use$fp
    printfa.o(i._printf_core) refers to printfa.o(i._printf_pre_padding) for _printf_pre_padding
    printfa.o(i._printf_core) refers to uldiv.o(.text) for __aeabi_uldivmod
    printfa.o(i._printf_core) refers to printfa.o(i._printf_post_padding) for _printf_post_padding
    printfa.o(i._printf_core) refers to printfa.o(i._fp_digits) for _fp_digits
    printfa.o(i._printf_core) refers to uidiv.o(.text) for __aeabi_uidivmod
    printfa.o(i._printf_post_padding) refers (Special) to iusefp.o(.text) for __I$use$fp
    printfa.o(i._printf_pre_padding) refers (Special) to iusefp.o(.text) for __I$use$fp
    printfa.o(i._snputc) refers (Special) to iusefp.o(.text) for __I$use$fp
    printfa.o(i._sputc) refers (Special) to iusefp.o(.text) for __I$use$fp
    malloc.o(i.free) refers to mvars.o(.data) for __microlib_freelist
    malloc.o(i.malloc) refers to mvars.o(.data) for __microlib_freelist_initialised
    malloc.o(i.malloc) refers to mvars.o(.data) for __microlib_freelist
    malloc.o(i.malloc) refers to startup_tm4c123.o(HEAP) for __heap_base
    mallocr.o(i.__free$realloc) refers to mvars.o(.data) for __microlib_freelist
    mallocr.o(i.__malloc$realloc) refers to mallocr.o(i.internal_alloc) for internal_alloc
    mallocr.o(i.__malloc$realloc) refers to mvars.o(.data) for __microlib_freelist_initialised
    mallocr.o(i.__malloc$realloc) refers to startup_tm4c123.o(HEAP) for __heap_base
    mallocr.o(i.__malloc$realloc) refers to mvars.o(.data) for __microlib_freelist
    mallocr.o(i.internal_alloc) refers to memcpya.o(.text) for __aeabi_memcpy
    mallocr.o(i.internal_alloc) refers to mvars.o(.data) for __microlib_freelist
    mallocr.o(i.realloc) refers to mallocr.o(i.__free$realloc) for __free$realloc
    mallocr.o(i.realloc) refers to mallocr.o(i.internal_alloc) for internal_alloc
    mallocr.o(i.realloc) refers to mallocr.o(i.__malloc$realloc) for __malloc$realloc
    mallocr.o(i.realloc) refers to mvars.o(.data) for __microlib_freelist
    malloca.o(i.__aligned_malloc) refers to mvars.o(.data) for __microlib_freelist_initialised
    malloca.o(i.__aligned_malloc) refers to mvars.o(.data) for __microlib_freelist
    malloca.o(i.__aligned_malloc) refers to startup_tm4c123.o(HEAP) for __heap_base
    malloca.o(i.__free$memalign) refers to mvars.o(.data) for __microlib_freelist
    malloca.o(i.__malloc$memalign) refers to malloca.o(i.__aligned_malloc) for __aligned_malloc
    mallocra.o(i.__aligned_malloc$realloc) refers to mallocra.o(i.internal_alloc) for internal_alloc
    mallocra.o(i.__aligned_malloc$realloc) refers to mvars.o(.data) for __microlib_freelist_initialised
    mallocra.o(i.__aligned_malloc$realloc) refers to startup_tm4c123.o(HEAP) for __heap_base
    mallocra.o(i.__aligned_malloc$realloc) refers to mvars.o(.data) for __microlib_freelist
    mallocra.o(i.__free$realloc$memalign) refers to mvars.o(.data) for __microlib_freelist
    mallocra.o(i.__malloc$realloc$memalign) refers to mallocra.o(i.__aligned_malloc$realloc) for __aligned_malloc$realloc
    mallocra.o(i.__realloc$memalign) refers to mallocra.o(i.__free$realloc$memalign) for __free$realloc$memalign
    mallocra.o(i.__realloc$memalign) refers to mallocra.o(i.internal_alloc) for internal_alloc
    mallocra.o(i.__realloc$memalign) refers to mallocra.o(i.__malloc$realloc$memalign) for __malloc$realloc$memalign
    mallocra.o(i.__realloc$memalign) refers to mvars.o(.data) for __microlib_freelist
    mallocra.o(i.internal_alloc) refers to memcpya.o(.text) for __aeabi_memcpy
    mallocra.o(i.internal_alloc) refers to mvars.o(.data) for __microlib_freelist
    entry2.o(.ARM.Collect$$$$00000001) refers to entry2.o(.ARM.Collect$$$$00002712) for __lit__00000000
    entry2.o(.ARM.Collect$$$$00002712) refers to startup_tm4c123.o(STACK) for __initial_sp
    entry2.o(__vectab_stack_and_reset_area) refers to startup_tm4c123.o(STACK) for __initial_sp
    entry2.o(__vectab_stack_and_reset_area) refers to entry.o(.ARM.Collect$$$$00000000) for __main
    entry5.o(.ARM.Collect$$$$00000004) refers to init.o(.text) for __scatterload
    entry9a.o(.ARM.Collect$$$$0000000B) refers to main.o(.text) for main
    entry9b.o(.ARM.Collect$$$$0000000C) refers to main.o(.text) for main
    uldiv.o(.text) refers to llushr.o(.text) for __aeabi_llsr
    uldiv.o(.text) refers to llshl.o(.text) for __aeabi_llsl
    dadd.o(.text) refers to llshl.o(.text) for __aeabi_llsl
    dadd.o(.text) refers to llsshr.o(.text) for __aeabi_lasr
    dadd.o(.text) refers to depilogue.o(.text) for _double_epilogue
    dmul.o(.text) refers to depilogue.o(.text) for _double_epilogue
    ddiv.o(.text) refers to depilogue.o(.text) for _double_round
    dfixul.o(.text) refers to llushr.o(.text) for __aeabi_llsr
    dfixul.o(.text) refers to llshl.o(.text) for __aeabi_llsl
    init.o(.text) refers to entry5.o(.ARM.Collect$$$$00000004) for __main_after_scatterload
    depilogue.o(.text) refers to llshl.o(.text) for __aeabi_llsl
    depilogue.o(.text) refers to llushr.o(.text) for __aeabi_llsr


==============================================================================

Removing Unused input sections from the image.

    Removing main.o(.rev16_text), (4 bytes).
    Removing main.o(.revsh_text), (4 bytes).
    Removing main.o(.rrx_text), (6 bytes).
    Removing adc.o(.rev16_text), (4 bytes).
    Removing adc.o(.revsh_text), (4 bytes).
    Removing adc.o(.rrx_text), (6 bytes).
    Removing gpio_port.o(.rev16_text), (4 bytes).
    Removing gpio_port.o(.revsh_text), (4 bytes).
    Removing gpio_port.o(.rrx_text), (6 bytes).
    Removing i2c.o(.rev16_text), (4 bytes).
    Removing i2c.o(.revsh_text), (4 bytes).
    Removing i2c.o(.rrx_text), (6 bytes).
    Removing spi.o(.rev16_text), (4 bytes).
    Removing spi.o(.revsh_text), (4 bytes).
    Removing spi.o(.rrx_text), (6 bytes).
    Removing spi.o(.text), (408 bytes).
    Removing timers.o(.rev16_text), (4 bytes).
    Removing timers.o(.revsh_text), (4 bytes).
    Removing timers.o(.rrx_text), (6 bytes).
    Removing timers.o(.text), (692 bytes).
    Removing uart.o(.rev16_text), (4 bytes).
    Removing uart.o(.revsh_text), (4 bytes).
    Removing uart.o(.rrx_text), (6 bytes).
    Removing ece353_images.o(.constdata), (5991 bytes).
    Removing eeprom.o(.rev16_text), (4 bytes).
    Removing eeprom.o(.revsh_text), (4 bytes).
    Removing eeprom.o(.rrx_text), (6 bytes).
    Removing eeprom.o(.text), (428 bytes).
    Removing ft6x06.o(.rev16_text), (4 bytes).
    Removing ft6x06.o(.revsh_text), (4 bytes).
    Removing ft6x06.o(.rrx_text), (6 bytes).
    Removing io_expander.o(.rev16_text), (4 bytes).
    Removing io_expander.o(.revsh_text), (4 bytes).
    Removing io_expander.o(.rrx_text), (6 bytes).
    Removing launchpad_io.o(.rev16_text), (4 bytes).
    Removing launchpad_io.o(.revsh_text), (4 bytes).
    Removing launchpad_io.o(.rrx_text), (6 bytes).
    Removing lcd.o(.rev16_text), (4 bytes).
    Removing lcd.o(.revsh_text), (4 bytes).
    Removing lcd.o(.rrx_text), (6 bytes).
    Removing lcd_images.o(.constdata), (4864 bytes).
    Removing ps2.o(.rev16_text), (4 bytes).
    Removing ps2.o(.revsh_text), (4 bytes).
    Removing ps2.o(.rrx_text), (6 bytes).
    Removing serial_debug.o(.rev16_text), (4 bytes).
    Removing serial_debug.o(.revsh_text), (4 bytes).
    Removing serial_debug.o(.rrx_text), (6 bytes).
    Removing spi_select.o(.rev16_text), (4 bytes).
    Removing spi_select.o(.revsh_text), (4 bytes).
    Removing spi_select.o(.rrx_text), (6 bytes).
    Removing spi_select.o(.text), (164 bytes).
    Removing wireless.o(.rev16_text), (4 bytes).
    Removing wireless.o(.revsh_text), (4 bytes).
    Removing wireless.o(.rrx_text), (6 bytes).
    Removing wireless.o(.text), (1604 bytes).
    Removing wireless.o(.conststring), (125 bytes).
    Removing wireless.o(.data), (24 bytes).
    Removing system_tm4c123.o(.rev16_text), (4 bytes).
    Removing system_tm4c123.o(.revsh_text), (4 bytes).
    Removing system_tm4c123.o(.rrx_text), (6 bytes).
    Removing dadd.o(.text), (334 bytes).
    Removing dmul.o(.text), (228 bytes).
    Removing ddiv.o(.text), (222 bytes).
    Removing dfixul.o(.text), (48 bytes).
    Removing cdrcmple.o(.text), (48 bytes).
    Removing depilogue.o(.text), (186 bytes).

66 unused section(s) (total 15604 bytes) removed from the image.

==============================================================================

Image Symbol Table

    Local Symbols

    Symbol Name                              Value     Ov Type        Size  Object(Section)

    RESET                                    0x00000000   Section      620  startup_tm4c123.o(RESET)
    ../clib/microlib/division.c              0x00000000   Number         0  uldiv.o ABSOLUTE
    ../clib/microlib/division.c              0x00000000   Number         0  uidiv.o ABSOLUTE
    ../clib/microlib/init/entry.s            0x00000000   Number         0  entry11b.o ABSOLUTE
    ../clib/microlib/init/entry.s            0x00000000   Number         0  entry2.o ABSOLUTE
    ../clib/microlib/init/entry.s            0x00000000   Number         0  entry10b.o ABSOLUTE
    ../clib/microlib/init/entry.s            0x00000000   Number         0  entry.o ABSOLUTE
    ../clib/microlib/init/entry.s            0x00000000   Number         0  entry7b.o ABSOLUTE
    ../clib/microlib/init/entry.s            0x00000000   Number         0  entry7a.o ABSOLUTE
    ../clib/microlib/init/entry.s            0x00000000   Number         0  entry5.o ABSOLUTE
    ../clib/microlib/init/entry.s            0x00000000   Number         0  entry10a.o ABSOLUTE
    ../clib/microlib/init/entry.s            0x00000000   Number         0  entry9b.o ABSOLUTE
    ../clib/microlib/init/entry.s            0x00000000   Number         0  entry9a.o ABSOLUTE
    ../clib/microlib/init/entry.s            0x00000000   Number         0  entry8b.o ABSOLUTE
    ../clib/microlib/init/entry.s            0x00000000   Number         0  entry11a.o ABSOLUTE
    ../clib/microlib/init/entry.s            0x00000000   Number         0  entry8a.o ABSOLUTE
    ../clib/microlib/longlong.c              0x00000000   Number         0  llsshr.o ABSOLUTE
    ../clib/microlib/longlong.c              0x00000000   Number         0  llushr.o ABSOLUTE
    ../clib/microlib/longlong.c              0x00000000   Number         0  llshl.o ABSOLUTE
    ../clib/microlib/malloc/malloc.c         0x00000000   Number         0  mallocra.o ABSOLUTE
    ../clib/microlib/malloc/malloc.c         0x00000000   Number         0  malloca.o ABSOLUTE
    ../clib/microlib/malloc/malloc.c         0x00000000   Number         0  malloc.o ABSOLUTE
    ../clib/microlib/malloc/malloc.c         0x00000000   Number         0  mallocr.o ABSOLUTE
    ../clib/microlib/malloc/mvars.c          0x00000000   Number         0  mvars.o ABSOLUTE
    ../clib/microlib/printf/printf.c         0x00000000   Number         0  printfb.o ABSOLUTE
    ../clib/microlib/printf/printf.c         0x00000000   Number         0  printf0.o ABSOLUTE
    ../clib/microlib/printf/printf.c         0x00000000   Number         0  printf3.o ABSOLUTE
    ../clib/microlib/printf/printf.c         0x00000000   Number         0  printf1.o ABSOLUTE
    ../clib/microlib/printf/printf.c         0x00000000   Number         0  printf4.o ABSOLUTE
    ../clib/microlib/printf/printf.c         0x00000000   Number         0  printf7.o ABSOLUTE
    ../clib/microlib/printf/printf.c         0x00000000   Number         0  printf8.o ABSOLUTE
    ../clib/microlib/printf/printf.c         0x00000000   Number         0  printf5.o ABSOLUTE
    ../clib/microlib/printf/printf.c         0x00000000   Number         0  printfa.o ABSOLUTE
    ../clib/microlib/printf/printf.c         0x00000000   Number         0  printf6.o ABSOLUTE
    ../clib/microlib/printf/printf.c         0x00000000   Number         0  printf2.o ABSOLUTE
    ../clib/microlib/printf/stubs.s          0x00000000   Number         0  stubs.o ABSOLUTE
    ../clib/microlib/stdio/streams.c         0x00000000   Number         0  stdout.o ABSOLUTE
    ../clib/microlib/stdlib/rand.c           0x00000000   Number         0  rand.o ABSOLUTE
    ../clib/microlib/string/memcpy.c         0x00000000   Number         0  memcpyb.o ABSOLUTE
    ../clib/microlib/string/memcpy.c         0x00000000   Number         0  memcpya.o ABSOLUTE
    ../clib/microlib/stubs.s                 0x00000000   Number         0  iusefp.o ABSOLUTE
    ../fplib/microlib/fpadd.c                0x00000000   Number         0  dadd.o ABSOLUTE
    ../fplib/microlib/fpdiv.c                0x00000000   Number         0  ddiv.o ABSOLUTE
    ../fplib/microlib/fpepilogue.c           0x00000000   Number         0  depilogue.o ABSOLUTE
    ../fplib/microlib/fpfix.c                0x00000000   Number         0  dfixul.o ABSOLUTE
    ../fplib/microlib/fpmul.c                0x00000000   Number         0  dmul.o ABSOLUTE
    ..\\drivers\\c\\adc.c                    0x00000000   Number         0  adc.o ABSOLUTE
    ..\\drivers\\c\\gpio_port.c              0x00000000   Number         0  gpio_port.o ABSOLUTE
    ..\\drivers\\c\\i2c.c                    0x00000000   Number         0  i2c.o ABSOLUTE
    ..\\drivers\\c\\spi.c                    0x00000000   Number         0  spi.o ABSOLUTE
    ..\\drivers\\c\\timers.c                 0x00000000   Number         0  timers.o ABSOLUTE
    ..\\drivers\\c\\uart.c                   0x00000000   Number         0  uart.o ABSOLUTE
    ..\\peripherals\\c\\eeprom.c             0x00000000   Number         0  eeprom.o ABSOLUTE
    ..\\peripherals\\c\\ft6x06.c             0x00000000   Number         0  ft6x06.o ABSOLUTE
    ..\\peripherals\\c\\io_expander.c        0x00000000   Number         0  io_expander.o ABSOLUTE
    ..\\peripherals\\c\\launchpad_io.c       0x00000000   Number         0  launchpad_io.o ABSOLUTE
    ..\\peripherals\\c\\lcd.c                0x00000000   Number         0  lcd.o ABSOLUTE
    ..\\peripherals\\c\\ps2.c                0x00000000   Number         0  ps2.o ABSOLUTE
    ..\\peripherals\\c\\serial_debug.c       0x00000000   Number         0  serial_debug.o ABSOLUTE
    ..\\peripherals\\c\\spi_select.c         0x00000000   Number         0  spi_select.o ABSOLUTE
    ..\\peripherals\\c\\wireless.c           0x00000000   Number         0  wireless.o ABSOLUTE
    ..\drivers\c\adc.c                       0x00000000   Number         0  adc.o ABSOLUTE
    ..\drivers\c\gpio_port.c                 0x00000000   Number         0  gpio_port.o ABSOLUTE
    ..\drivers\c\i2c.c                       0x00000000   Number         0  i2c.o ABSOLUTE
    ..\drivers\c\pc_buffer.c                 0x00000000   Number         0  pc_buffer.o ABSOLUTE
    ..\drivers\c\spi.c                       0x00000000   Number         0  spi.o ABSOLUTE
    ..\drivers\c\timers.c                    0x00000000   Number         0  timers.o ABSOLUTE
    ..\drivers\c\uart.c                      0x00000000   Number         0  uart.o ABSOLUTE
    ..\peripherals\c\ece353_images.c         0x00000000   Number         0  ece353_images.o ABSOLUTE
    ..\peripherals\c\eeprom.c                0x00000000   Number         0  eeprom.o ABSOLUTE
    ..\peripherals\c\ft6x06.c                0x00000000   Number         0  ft6x06.o ABSOLUTE
    ..\peripherals\c\io_expander.c           0x00000000   Number         0  io_expander.o ABSOLUTE
    ..\peripherals\c\launchpad_io.c          0x00000000   Number         0  launchpad_io.o ABSOLUTE
    ..\peripherals\c\lcd.c                   0x00000000   Number         0  lcd.o ABSOLUTE
    ..\peripherals\c\lcd_images.c            0x00000000   Number         0  lcd_images.o ABSOLUTE
    ..\peripherals\c\ps2.c                   0x00000000   Number         0  ps2.o ABSOLUTE
    ..\peripherals\c\serial_debug.c          0x00000000   Number         0  serial_debug.o ABSOLUTE
    ..\peripherals\c\spi_select.c            0x00000000   Number         0  spi_select.o ABSOLUTE
    ..\peripherals\c\wireless.c              0x00000000   Number         0  wireless.o ABSOLUTE
    RTE\Device\TM4C123GH6PM\startup_TM4C123.s 0x00000000   Number         0  startup_tm4c123.o ABSOLUTE
    RTE\Device\TM4C123GH6PM\system_TM4C123.c 0x00000000   Number         0  system_tm4c123.o ABSOLUTE
    RTE\\Device\\TM4C123GH6PM\\system_TM4C123.c 0x00000000   Number         0  system_tm4c123.o ABSOLUTE
    cdrcmple.s                               0x00000000   Number         0  cdrcmple.o ABSOLUTE
    dc.s                                     0x00000000   Number         0  dc.o ABSOLUTE
    handlers.s                               0x00000000   Number         0  handlers.o ABSOLUTE
    init.s                                   0x00000000   Number         0  init.o ABSOLUTE
    main.c                                   0x00000000   Number         0  main.o ABSOLUTE
    main.c                                   0x00000000   Number         0  main.o ABSOLUTE
    .ARM.Collect$$$$00000000                 0x0000026c   Section        0  entry.o(.ARM.Collect$$$$00000000)
    .ARM.Collect$$$$00000001                 0x0000026c   Section        4  entry2.o(.ARM.Collect$$$$00000001)
    .ARM.Collect$$$$00000004                 0x00000270   Section        4  entry5.o(.ARM.Collect$$$$00000004)
    .ARM.Collect$$$$00000008                 0x00000274   Section        0  entry7b.o(.ARM.Collect$$$$00000008)
    .ARM.Collect$$$$0000000A                 0x00000274   Section        0  entry8b.o(.ARM.Collect$$$$0000000A)
    .ARM.Collect$$$$0000000B                 0x00000274   Section        8  entry9a.o(.ARM.Collect$$$$0000000B)
    .ARM.Collect$$$$0000000D                 0x0000027c   Section        0  entry10a.o(.ARM.Collect$$$$0000000D)
    .ARM.Collect$$$$0000000F                 0x0000027c   Section        0  entry11a.o(.ARM.Collect$$$$0000000F)
    .ARM.Collect$$$$00002712                 0x0000027c   Section        4  entry2.o(.ARM.Collect$$$$00002712)
    __lit__00000000                          0x0000027c   Data           4  entry2.o(.ARM.Collect$$$$00002712)
    .text                                    0x00000280   Section        0  main.o(.text)
    .text                                    0x00000360   Section        0  adc.o(.text)
    .text                                    0x00000600   Section        0  gpio_port.o(.text)
    verify_base_addr                         0x00000601   Thumb Code    64  gpio_port.o(.text)
    .text                                    0x00000888   Section        0  i2c.o(.text)
    .text                                    0x00000a90   Section        0  pc_buffer.o(.text)
    .text                                    0x00000b0c   Section        0  uart.o(.text)
    .text                                    0x00000d84   Section        0  ft6x06.o(.text)
    ft6x06_set_addr                          0x00000d85   Thumb Code    52  ft6x06.o(.text)
    ft6x06_read_data                         0x00000db9   Thumb Code    52  ft6x06.o(.text)
    .text                                    0x00000f20   Section        0  io_expander.o(.text)
    .text                                    0x00000fdc   Section        0  launchpad_io.o(.text)
    .text                                    0x000010a0   Section        0  lcd.o(.text)
    delayms                                  0x000010a1   Thumb Code    26  lcd.o(.text)
    lcd_write_cmd_u8                         0x000010bb   Thumb Code    34  lcd.o(.text)
    lcd_write_data_u8                        0x000010dd   Thumb Code    36  lcd.o(.text)
    lcd_write_data_u16                       0x00001101   Thumb Code    60  lcd.o(.text)
    .text                                    0x0000157c   Section        0  ps2.o(.text)
    initialize_adc_gpio_pins                 0x0000157d   Thumb Code    34  ps2.o(.text)
    .text                                    0x000015ec   Section        0  serial_debug.o(.text)
    .text                                    0x00001804   Section      252  startup_tm4c123.o(.text)
    $v0                                      0x00001804   Number         0  startup_tm4c123.o(.text)
    .text                                    0x00001900   Section        0  system_tm4c123.o(.text)
    getOscClk                                0x00001901   Thumb Code   182  system_tm4c123.o(.text)
    .text                                    0x00001b4c   Section        0  uldiv.o(.text)
    .text                                    0x00001bb0   Section       36  init.o(.text)
    .text                                    0x00001bd4   Section        0  llshl.o(.text)
    .text                                    0x00001bf2   Section        0  llushr.o(.text)
    i.__0printf$8                            0x00001c14   Section        0  printf8.o(i.__0printf$8)
    i.__scatterload_copy                     0x00001c34   Section       14  handlers.o(i.__scatterload_copy)
    i.__scatterload_null                     0x00001c42   Section        2  handlers.o(i.__scatterload_null)
    i.__scatterload_zeroinit                 0x00001c44   Section       14  handlers.o(i.__scatterload_zeroinit)
    i._printf_core                           0x00001c54   Section        0  printf8.o(i._printf_core)
    _printf_core                             0x00001c55   Thumb Code   996  printf8.o(i._printf_core)
    i._printf_post_padding                   0x00002064   Section        0  printf8.o(i._printf_post_padding)
    _printf_post_padding                     0x00002065   Thumb Code    36  printf8.o(i._printf_post_padding)
    i._printf_pre_padding                    0x00002088   Section        0  printf8.o(i._printf_pre_padding)
    _printf_pre_padding                      0x00002089   Thumb Code    46  printf8.o(i._printf_pre_padding)
    i.malloc                                 0x000020b8   Section        0  malloc.o(i.malloc)
    .data                                    0x20000000   Section       36  main.o(.data)
    .data                                    0x20000024   Section        2  serial_debug.o(.data)
    Rx_Interrupts_Enabled                    0x20000024   Data           1  serial_debug.o(.data)
    Tx_Interrupts_Enabled                    0x20000025   Data           1  serial_debug.o(.data)
    .data                                    0x20000028   Section        4  system_tm4c123.o(.data)
    .data                                    0x2000002c   Section        4  stdout.o(.data)
    .data                                    0x20000030   Section        4  mvars.o(.data)
    .data                                    0x20000034   Section        4  mvars.o(.data)
    .bss                                     0x20000038   Section       28  serial_debug.o(.bss)
    HEAP                                     0x20000058   Section        0  startup_tm4c123.o(HEAP)
    STACK                                    0x20000058   Section      512  startup_tm4c123.o(STACK)

    Global Symbols

    Symbol Name                              Value     Ov Type        Size  Object(Section)

    BuildAttributes$$THM_ISAv4$E$P$D$K$B$S$7EM$VFPi3$EXTD16$VFPS$VFMA$PE$A:L22UL41UL21$X:L11$S22US41US21$IEEE1$IW$USESV6$~STKCKD$USESV7$~SHL$OSPACE$ROPI$EBA8$MICROLIB$REQ8$PRES8$EABIv2 0x00000000   Number         0  anon$$obj.o ABSOLUTE
    __ARM_use_no_argv                        0x00000000   Number         0  main.o ABSOLUTE
    __Vectors                                0x00000000   Data           4  startup_tm4c123.o(RESET)
    _printf_a                                0x00000000   Number         0  stubs.o ABSOLUTE
    _printf_c                                0x00000000   Number         0  stubs.o ABSOLUTE
    _printf_charcount                        0x00000000   Number         0  stubs.o ABSOLUTE
    _printf_d                                0x00000000   Number         0  stubs.o ABSOLUTE
    _printf_e                                0x00000000   Number         0  stubs.o ABSOLUTE
    _printf_f                                0x00000000   Number         0  stubs.o ABSOLUTE
    _printf_flags                            0x00000000   Number         0  stubs.o ABSOLUTE
    _printf_fp_dec                           0x00000000   Number         0  stubs.o ABSOLUTE
    _printf_fp_hex                           0x00000000   Number         0  stubs.o ABSOLUTE
    _printf_g                                0x00000000   Number         0  stubs.o ABSOLUTE
    _printf_i                                0x00000000   Number         0  stubs.o ABSOLUTE
    _printf_int_dec                          0x00000000   Number         0  stubs.o ABSOLUTE
    _printf_l                                0x00000000   Number         0  stubs.o ABSOLUTE
    _printf_lc                               0x00000000   Number         0  stubs.o ABSOLUTE
    _printf_ll                               0x00000000   Number         0  stubs.o ABSOLUTE
    _printf_lld                              0x00000000   Number         0  stubs.o ABSOLUTE
    _printf_lli                              0x00000000   Number         0  stubs.o ABSOLUTE
    _printf_llo                              0x00000000   Number         0  stubs.o ABSOLUTE
    _printf_llu                              0x00000000   Number         0  stubs.o ABSOLUTE
    _printf_llx                              0x00000000   Number         0  stubs.o ABSOLUTE
    _printf_longlong_dec                     0x00000000   Number         0  stubs.o ABSOLUTE
    _printf_longlong_hex                     0x00000000   Number         0  stubs.o ABSOLUTE
    _printf_longlong_oct                     0x00000000   Number         0  stubs.o ABSOLUTE
    _printf_ls                               0x00000000   Number         0  stubs.o ABSOLUTE
    _printf_mbtowc                           0x00000000   Number         0  stubs.o ABSOLUTE
    _printf_n                                0x00000000   Number         0  stubs.o ABSOLUTE
    _printf_o                                0x00000000   Number         0  stubs.o ABSOLUTE
    _printf_p                                0x00000000   Number         0  stubs.o ABSOLUTE
    _printf_percent                          0x00000000   Number         0  stubs.o ABSOLUTE
    _printf_pre_padding                      0x00000000   Number         0  stubs.o ABSOLUTE
    _printf_return_value                     0x00000000   Number         0  stubs.o ABSOLUTE
    _printf_s                                0x00000000   Number         0  stubs.o ABSOLUTE
    _printf_sizespec                         0x00000000   Number         0  stubs.o ABSOLUTE
    _printf_str                              0x00000000   Number         0  stubs.o ABSOLUTE
    _printf_truncate_signed                  0x00000000   Number         0  stubs.o ABSOLUTE
    _printf_truncate_unsigned                0x00000000   Number         0  stubs.o ABSOLUTE
    _printf_u                                0x00000000   Number         0  stubs.o ABSOLUTE
    _printf_wc                               0x00000000   Number         0  stubs.o ABSOLUTE
    _printf_wctomb                           0x00000000   Number         0  stubs.o ABSOLUTE
    _printf_widthprec                        0x00000000   Number         0  stubs.o ABSOLUTE
    _printf_x                                0x00000000   Number         0  stubs.o ABSOLUTE
    __cpp_initialize__aeabi_                  - Undefined Weak Reference
    __cxa_finalize                            - Undefined Weak Reference
    __decompress                              - Undefined Weak Reference
    _clock_init                               - Undefined Weak Reference
    _microlib_exit                            - Undefined Weak Reference
    __Vectors_End                            0x0000026c   Data           0  startup_tm4c123.o(RESET)
    __Vectors_Size                           0x0000026c   Number         0  startup_tm4c123.o ABSOLUTE
    __main                                   0x0000026d   Thumb Code     0  entry.o(.ARM.Collect$$$$00000000)
    _main_stk                                0x0000026d   Thumb Code     0  entry2.o(.ARM.Collect$$$$00000001)
    _main_scatterload                        0x00000271   Thumb Code     0  entry5.o(.ARM.Collect$$$$00000004)
    __main_after_scatterload                 0x00000275   Thumb Code     0  entry5.o(.ARM.Collect$$$$00000004)
    _main_clock                              0x00000275   Thumb Code     0  entry7b.o(.ARM.Collect$$$$00000008)
    _main_cpp_init                           0x00000275   Thumb Code     0  entry8b.o(.ARM.Collect$$$$0000000A)
    _main_init                               0x00000275   Thumb Code     0  entry9a.o(.ARM.Collect$$$$0000000B)
    __rt_final_cpp                           0x0000027d   Thumb Code     0  entry10a.o(.ARM.Collect$$$$0000000D)
    __rt_final_exit                          0x0000027d   Thumb Code     0  entry11a.o(.ARM.Collect$$$$0000000F)
    ADC0SS2_Handler                          0x00000281   Thumb Code    50  main.o(.text)
    initialize_hardware                      0x000002b3   Thumb Code    52  main.o(.text)
    main                                     0x000002e7   Thumb Code    50  main.o(.text)
    initialize_adc_interrupt                 0x00000361   Thumb Code   494  adc.o(.text)
    initialize_adc                           0x0000054f   Thumb Code   108  adc.o(.text)
    get_adc_value                            0x000005bb   Thumb Code    58  adc.o(.text)
    gpio_get_irq_num                         0x00000641   Thumb Code    74  gpio_port.o(.text)
    gpio_enable_port                         0x0000068b   Thumb Code   156  gpio_port.o(.text)
    gpio_config_digital_enable               0x00000727   Thumb Code    34  gpio_port.o(.text)
    gpio_config_enable_output                0x00000749   Thumb Code    34  gpio_port.o(.text)
    gpio_config_enable_input                 0x0000076b   Thumb Code    34  gpio_port.o(.text)
    gpio_config_enable_pullup                0x0000078d   Thumb Code    34  gpio_port.o(.text)
    gpio_config_enable_pulldown              0x000007af   Thumb Code    34  gpio_port.o(.text)
    gpio_config_analog_enable                0x000007d1   Thumb Code    34  gpio_port.o(.text)
    gpio_config_alternate_function           0x000007f3   Thumb Code    34  gpio_port.o(.text)
    gpio_config_port_control                 0x00000815   Thumb Code    44  gpio_port.o(.text)
    gpio_config_open_drain                   0x00000841   Thumb Code    34  gpio_port.o(.text)
    gpio_config_falling_edge_irq             0x00000863   Thumb Code     6  gpio_port.o(.text)
    initializeI2CMaster                      0x00000889   Thumb Code   160  i2c.o(.text)
    i2cVerifyBaseAddr                        0x00000929   Thumb Code    36  i2c.o(.text)
    i2cSetSlaveAddr                          0x0000094d   Thumb Code    30  i2c.o(.text)
    i2cStop                                  0x0000096b   Thumb Code    26  i2c.o(.text)
    I2CMasterBusy                            0x00000985   Thumb Code    34  i2c.o(.text)
    I2CMasterAdrAck                          0x000009a7   Thumb Code    34  i2c.o(.text)
    I2CMasterDatAck                          0x000009c9   Thumb Code    34  i2c.o(.text)
    i2cSendByte                              0x000009eb   Thumb Code    82  i2c.o(.text)
    i2cGetByte                               0x00000a3d   Thumb Code    60  i2c.o(.text)
    pc_buffer_init                           0x00000a91   Thumb Code    26  pc_buffer.o(.text)
    pc_buffer_add                            0x00000aab   Thumb Code    28  pc_buffer.o(.text)
    pc_buffer_remove                         0x00000ac7   Thumb Code    30  pc_buffer.o(.text)
    pc_buffer_empty                          0x00000ae5   Thumb Code    18  pc_buffer.o(.text)
    pc_buffer_full                           0x00000af7   Thumb Code    22  pc_buffer.o(.text)
    verify_uart_base                         0x00000b0d   Thumb Code    54  uart.o(.text)
    uart_get_rcgc_mask                       0x00000b43   Thumb Code    68  uart.o(.text)
    uart_get_pr_mask                         0x00000b87   Thumb Code    68  uart.o(.text)
    uart_get_irq_num                         0x00000bcb   Thumb Code    68  uart.o(.text)
    uart_tx_poll                             0x00000c0f   Thumb Code    38  uart.o(.text)
    uart_tx_poll_string                      0x00000c35   Thumb Code    50  uart.o(.text)
    uart_rx_poll                             0x00000c67   Thumb Code    70  uart.o(.text)
    uart_init                                0x00000cad   Thumb Code   198  uart.o(.text)
    ft6x06_read_td_status                    0x00000ded   Thumb Code    24  ft6x06.o(.text)
    ft6x06_read_x                            0x00000e05   Thumb Code    52  ft6x06.o(.text)
    ft6x06_read_y                            0x00000e39   Thumb Code    52  ft6x06.o(.text)
    ft6x06_init                              0x00000e6d   Thumb Code   176  ft6x06.o(.text)
    init_io_expander                         0x00000f21   Thumb Code    76  io_expander.o(.text)
    get_buttons                              0x00000f6d   Thumb Code    60  io_expander.o(.text)
    set_leds                                 0x00000fa9   Thumb Code    48  io_expander.o(.text)
    lp_io_set_pin                            0x00000fdd   Thumb Code    18  launchpad_io.o(.text)
    lp_io_clear_pin                          0x00000fef   Thumb Code    18  launchpad_io.o(.text)
    lp_io_read_pin                           0x00001001   Thumb Code    22  launchpad_io.o(.text)
    lp_io_init                               0x00001017   Thumb Code   112  launchpad_io.o(.text)
    lcd_set_pos                              0x0000113d   Thumb Code    58  lcd.o(.text)
    lcd_clear_screen                         0x00001177   Thumb Code    52  lcd.o(.text)
    lcd_draw_image                           0x000011ab   Thumb Code   184  lcd.o(.text)
    lcd_config_gpio                          0x00001263   Thumb Code   222  lcd.o(.text)
    lcd_config_screen                        0x00001341   Thumb Code   566  lcd.o(.text)
    init_ps2_interrupt                       0x0000159f   Thumb Code    22  ps2.o(.text)
    ps2_initialize                           0x000015b5   Thumb Code    14  ps2.o(.text)
    ps2_get_x                                0x000015c3   Thumb Code    16  ps2.o(.text)
    ps2_get_y                                0x000015d3   Thumb Code    16  ps2.o(.text)
    DisableInterrupts                        0x000015ed   Thumb Code     4  serial_debug.o(.text)
    EnableInterrupts                         0x000015f1   Thumb Code     4  serial_debug.o(.text)
    init_serial_debug                        0x000015f5   Thumb Code   122  serial_debug.o(.text)
    serial_debug_rx                          0x0000166f   Thumb Code    46  serial_debug.o(.text)
    serial_debug_tx                          0x0000169d   Thumb Code    88  serial_debug.o(.text)
    fputc                                    0x000016f5   Thumb Code    66  serial_debug.o(.text)
    fgetc                                    0x00001737   Thumb Code    50  serial_debug.o(.text)
    UART0_Handler                            0x00001769   Thumb Code   132  serial_debug.o(.text)
    Reset_Handler                            0x00001805   Thumb Code     8  startup_tm4c123.o(.text)
    NMI_Handler                              0x0000180d   Thumb Code     2  startup_tm4c123.o(.text)
    HardFault_Handler                        0x0000180f   Thumb Code     2  startup_tm4c123.o(.text)
    MemManage_Handler                        0x00001811   Thumb Code     2  startup_tm4c123.o(.text)
    BusFault_Handler                         0x00001813   Thumb Code     2  startup_tm4c123.o(.text)
    UsageFault_Handler                       0x00001815   Thumb Code     2  startup_tm4c123.o(.text)
    SVC_Handler                              0x00001817   Thumb Code     2  startup_tm4c123.o(.text)
    DebugMon_Handler                         0x00001819   Thumb Code     2  startup_tm4c123.o(.text)
    PendSV_Handler                           0x0000181b   Thumb Code     2  startup_tm4c123.o(.text)
    SysTick_Handler                          0x0000181d   Thumb Code     2  startup_tm4c123.o(.text)
    GPIOA_Handler                            0x0000181f   Thumb Code     2  startup_tm4c123.o(.text)
    GPIOB_Handler                            0x00001821   Thumb Code     2  startup_tm4c123.o(.text)
    GPIOC_Handler                            0x00001823   Thumb Code     2  startup_tm4c123.o(.text)
    GPIOD_Handler                            0x00001825   Thumb Code     2  startup_tm4c123.o(.text)
    GPIOE_Handler                            0x00001827   Thumb Code     2  startup_tm4c123.o(.text)
    UART1_Handler                            0x0000182b   Thumb Code     2  startup_tm4c123.o(.text)
    SSI0_Handler                             0x0000182d   Thumb Code     2  startup_tm4c123.o(.text)
    I2C0_Handler                             0x0000182f   Thumb Code     2  startup_tm4c123.o(.text)
    PMW0_FAULT_Handler                       0x00001831   Thumb Code     2  startup_tm4c123.o(.text)
    PWM0_0_Handler                           0x00001833   Thumb Code     2  startup_tm4c123.o(.text)
    PWM0_1_Handler                           0x00001835   Thumb Code     2  startup_tm4c123.o(.text)
    PWM0_2_Handler                           0x00001837   Thumb Code     2  startup_tm4c123.o(.text)
    QEI0_Handler                             0x00001839   Thumb Code     2  startup_tm4c123.o(.text)
    ADC0SS0_Handler                          0x0000183b   Thumb Code     2  startup_tm4c123.o(.text)
    ADC0SS1_Handler                          0x0000183d   Thumb Code     2  startup_tm4c123.o(.text)
    ADC0SS3_Handler                          0x00001841   Thumb Code     2  startup_tm4c123.o(.text)
    WDT0_Handler                             0x00001843   Thumb Code     2  startup_tm4c123.o(.text)
    TIMER0A_Handler                          0x00001845   Thumb Code     2  startup_tm4c123.o(.text)
    TIMER0B_Handler                          0x00001847   Thumb Code     2  startup_tm4c123.o(.text)
    TIMER1A_Handler                          0x00001849   Thumb Code     2  startup_tm4c123.o(.text)
    TIMER1B_Handler                          0x0000184b   Thumb Code     2  startup_tm4c123.o(.text)
    TIMER2A_Handler                          0x0000184d   Thumb Code     2  startup_tm4c123.o(.text)
    TIMER2B_Handler                          0x0000184f   Thumb Code     2  startup_tm4c123.o(.text)
    COMP0_Handler                            0x00001851   Thumb Code     2  startup_tm4c123.o(.text)
    COMP1_Handler                            0x00001853   Thumb Code     2  startup_tm4c123.o(.text)
    COMP2_Handler                            0x00001855   Thumb Code     2  startup_tm4c123.o(.text)
    SYSCTL_Handler                           0x00001857   Thumb Code     2  startup_tm4c123.o(.text)
    FLASH_Handler                            0x00001859   Thumb Code     2  startup_tm4c123.o(.text)
    GPIOF_Handler                            0x0000185b   Thumb Code     2  startup_tm4c123.o(.text)
    GPIOG_Handler                            0x0000185d   Thumb Code     2  startup_tm4c123.o(.text)
    GPIOH_Handler                            0x0000185f   Thumb Code     2  startup_tm4c123.o(.text)
    UART2_Handler                            0x00001861   Thumb Code     2  startup_tm4c123.o(.text)
    SSI1_Handler                             0x00001863   Thumb Code     2  startup_tm4c123.o(.text)
    TIMER3A_Handler                          0x00001865   Thumb Code     2  startup_tm4c123.o(.text)
    TIMER3B_Handler                          0x00001867   Thumb Code     2  startup_tm4c123.o(.text)
    I2C1_Handler                             0x00001869   Thumb Code     2  startup_tm4c123.o(.text)
    QEI1_Handler                             0x0000186b   Thumb Code     2  startup_tm4c123.o(.text)
    CAN0_Handler                             0x0000186d   Thumb Code     2  startup_tm4c123.o(.text)
    CAN1_Handler                             0x0000186f   Thumb Code     2  startup_tm4c123.o(.text)
    CAN2_Handler                             0x00001871   Thumb Code     2  startup_tm4c123.o(.text)
    HIB_Handler                              0x00001873   Thumb Code     2  startup_tm4c123.o(.text)
    USB0_Handler                             0x00001875   Thumb Code     2  startup_tm4c123.o(.text)
    PWM0_3_Handler                           0x00001877   Thumb Code     2  startup_tm4c123.o(.text)
    UDMA_Handler                             0x00001879   Thumb Code     2  startup_tm4c123.o(.text)
    UDMAERR_Handler                          0x0000187b   Thumb Code     2  startup_tm4c123.o(.text)
    ADC1SS0_Handler                          0x0000187d   Thumb Code     2  startup_tm4c123.o(.text)
    ADC1SS1_Handler                          0x0000187f   Thumb Code     2  startup_tm4c123.o(.text)
    ADC1SS2_Handler                          0x00001881   Thumb Code     2  startup_tm4c123.o(.text)
    ADC1SS3_Handler                          0x00001883   Thumb Code     2  startup_tm4c123.o(.text)
    GPIOJ_Handler                            0x00001885   Thumb Code     2  startup_tm4c123.o(.text)
    GPIOK_Handler                            0x00001887   Thumb Code     2  startup_tm4c123.o(.text)
    GPIOL_Handler                            0x00001889   Thumb Code     2  startup_tm4c123.o(.text)
    SSI2_Handler                             0x0000188b   Thumb Code     2  startup_tm4c123.o(.text)
    SSI3_Handler                             0x0000188d   Thumb Code     2  startup_tm4c123.o(.text)
    UART3_Handler                            0x0000188f   Thumb Code     2  startup_tm4c123.o(.text)
    UART4_Handler                            0x00001891   Thumb Code     2  startup_tm4c123.o(.text)
    UART5_Handler                            0x00001893   Thumb Code     2  startup_tm4c123.o(.text)
    UART6_Handler                            0x00001895   Thumb Code     2  startup_tm4c123.o(.text)
    UART7_Handler                            0x00001897   Thumb Code     2  startup_tm4c123.o(.text)
    I2C2_Handler                             0x00001899   Thumb Code     2  startup_tm4c123.o(.text)
    I2C3_Handler                             0x0000189b   Thumb Code     2  startup_tm4c123.o(.text)
    TIMER4A_Handler                          0x0000189d   Thumb Code     2  startup_tm4c123.o(.text)
    TIMER4B_Handler                          0x0000189f   Thumb Code     2  startup_tm4c123.o(.text)
    TIMER5A_Handler                          0x000018a1   Thumb Code     2  startup_tm4c123.o(.text)
    TIMER5B_Handler                          0x000018a3   Thumb Code     2  startup_tm4c123.o(.text)
    WTIMER0A_Handler                         0x000018a5   Thumb Code     2  startup_tm4c123.o(.text)
    WTIMER0B_Handler                         0x000018a7   Thumb Code     2  startup_tm4c123.o(.text)
    WTIMER1A_Handler                         0x000018a9   Thumb Code     2  startup_tm4c123.o(.text)
    WTIMER1B_Handler                         0x000018ab   Thumb Code     2  startup_tm4c123.o(.text)
    WTIMER2A_Handler                         0x000018ad   Thumb Code     2  startup_tm4c123.o(.text)
    WTIMER2B_Handler                         0x000018af   Thumb Code     2  startup_tm4c123.o(.text)
    WTIMER3A_Handler                         0x000018b1   Thumb Code     2  startup_tm4c123.o(.text)
    WTIMER3B_Handler                         0x000018b3   Thumb Code     2  startup_tm4c123.o(.text)
    WTIMER4A_Handler                         0x000018b5   Thumb Code     2  startup_tm4c123.o(.text)
    WTIMER4B_Handler                         0x000018b7   Thumb Code     2  startup_tm4c123.o(.text)
    WTIMER5A_Handler                         0x000018b9   Thumb Code     2  startup_tm4c123.o(.text)
    WTIMER5B_Handler                         0x000018bb   Thumb Code     2  startup_tm4c123.o(.text)
    FPU_Handler                              0x000018bd   Thumb Code     2  startup_tm4c123.o(.text)
    I2C4_Handler                             0x000018bf   Thumb Code     2  startup_tm4c123.o(.text)
    I2C5_Handler                             0x000018c1   Thumb Code     2  startup_tm4c123.o(.text)
    GPIOM_Handler                            0x000018c3   Thumb Code     2  startup_tm4c123.o(.text)
    GPION_Handler                            0x000018c5   Thumb Code     2  startup_tm4c123.o(.text)
    QEI2_Handler                             0x000018c7   Thumb Code     2  startup_tm4c123.o(.text)
    GPIOP0_Handler                           0x000018c9   Thumb Code     2  startup_tm4c123.o(.text)
    GPIOP1_Handler                           0x000018cb   Thumb Code     2  startup_tm4c123.o(.text)
    GPIOP2_Handler                           0x000018cd   Thumb Code     2  startup_tm4c123.o(.text)
    GPIOP3_Handler                           0x000018cf   Thumb Code     2  startup_tm4c123.o(.text)
    GPIOP4_Handler                           0x000018d1   Thumb Code     2  startup_tm4c123.o(.text)
    GPIOP5_Handler                           0x000018d3   Thumb Code     2  startup_tm4c123.o(.text)
    GPIOP6_Handler                           0x000018d5   Thumb Code     2  startup_tm4c123.o(.text)
    GPIOP7_Handler                           0x000018d7   Thumb Code     2  startup_tm4c123.o(.text)
    GPIOQ0_Handler                           0x000018d9   Thumb Code     2  startup_tm4c123.o(.text)
    GPIOQ1_Handler                           0x000018db   Thumb Code     2  startup_tm4c123.o(.text)
    GPIOQ2_Handler                           0x000018dd   Thumb Code     2  startup_tm4c123.o(.text)
    GPIOQ3_Handler                           0x000018df   Thumb Code     2  startup_tm4c123.o(.text)
    GPIOQ4_Handler                           0x000018e1   Thumb Code     2  startup_tm4c123.o(.text)
    GPIOQ5_Handler                           0x000018e3   Thumb Code     2  startup_tm4c123.o(.text)
    GPIOQ6_Handler                           0x000018e5   Thumb Code     2  startup_tm4c123.o(.text)
    GPIOQ7_Handler                           0x000018e7   Thumb Code     2  startup_tm4c123.o(.text)
    GPIOR_Handler                            0x000018e9   Thumb Code     2  startup_tm4c123.o(.text)
    GPIOS_Handler                            0x000018eb   Thumb Code     2  startup_tm4c123.o(.text)
    PMW1_0_Handler                           0x000018ed   Thumb Code     2  startup_tm4c123.o(.text)
    PWM1_1_Handler                           0x000018ef   Thumb Code     2  startup_tm4c123.o(.text)
    PWM1_2_Handler                           0x000018f1   Thumb Code     2  startup_tm4c123.o(.text)
    PWM1_3_Handler                           0x000018f3   Thumb Code     2  startup_tm4c123.o(.text)
    PWM1_FAULT_Handler                       0x000018f5   Thumb Code     2  startup_tm4c123.o(.text)
    SystemCoreClockUpdate                    0x000019b7   Thumb Code   184  system_tm4c123.o(.text)
    SystemInit                               0x00001a6f   Thumb Code   112  system_tm4c123.o(.text)
    __aeabi_uldivmod                         0x00001b4d   Thumb Code    98  uldiv.o(.text)
    __scatterload                            0x00001bb1   Thumb Code    28  init.o(.text)
    __scatterload_rt2                        0x00001bb1   Thumb Code     0  init.o(.text)
    __aeabi_llsl                             0x00001bd5   Thumb Code    30  llshl.o(.text)
    _ll_shift_l                              0x00001bd5   Thumb Code     0  llshl.o(.text)
    __aeabi_llsr                             0x00001bf3   Thumb Code    32  llushr.o(.text)
    _ll_ushift_r                             0x00001bf3   Thumb Code     0  llushr.o(.text)
    __0printf$8                              0x00001c15   Thumb Code    22  printf8.o(i.__0printf$8)
    __1printf$8                              0x00001c15   Thumb Code     0  printf8.o(i.__0printf$8)
    __2printf                                0x00001c15   Thumb Code     0  printf8.o(i.__0printf$8)
    __scatterload_copy                       0x00001c35   Thumb Code    14  handlers.o(i.__scatterload_copy)
    __scatterload_null                       0x00001c43   Thumb Code     2  handlers.o(i.__scatterload_null)
    __scatterload_zeroinit                   0x00001c45   Thumb Code    14  handlers.o(i.__scatterload_zeroinit)
    malloc                                   0x000020b9   Thumb Code    92  malloc.o(i.malloc)
    Region$$Table$$Base                      0x00002124   Number         0  anon$$obj.o(Region$$Table)
    Region$$Table$$Limit                     0x00002144   Number         0  anon$$obj.o(Region$$Table)
    group                                    0x20000000   Data           8  main.o(.data)
    individual_1                             0x20000008   Data          11  main.o(.data)
    individual_2                             0x20000013   Data           8  main.o(.data)
    x_pos                                    0x2000001c   Data           2  main.o(.data)
    y_pos                                    0x2000001e   Data           2  main.o(.data)
    adc                                      0x20000020   Data           4  main.o(.data)
    SystemCoreClock                          0x20000028   Data           4  system_tm4c123.o(.data)
    __stdout                                 0x2000002c   Data           4  stdout.o(.data)
    __microlib_freelist                      0x20000030   Data           4  mvars.o(.data)
    __microlib_freelist_initialised          0x20000034   Data           4  mvars.o(.data)
    UART0_Tx_Buffer                          0x20000038   Data          14  serial_debug.o(.bss)
    UART0_Rx_Buffer                          0x20000046   Data          14  serial_debug.o(.bss)
    __heap_base                              0x20000058   Data           0  startup_tm4c123.o(HEAP)
    __heap_limit                             0x20000058   Data           0  startup_tm4c123.o(HEAP)
    __initial_sp                             0x20000258   Data           0  startup_tm4c123.o(STACK)



==============================================================================

Memory Map of the image

  Image Entry point : 0x00001805

  Load Region LR_1 (Base: 0x00000000, Size: 0x0000217c, Max: 0xffffffff, ABSOLUTE)

    Execution Region ER_RO (Base: 0x00000000, Size: 0x00002144, Max: 0xffffffff, ABSOLUTE)

    Base Addr    Size         Type   Attr      Idx    E Section Name        Object

    0x00000000   0x0000026c   Data   RO          554    RESET               startup_tm4c123.o
    0x0000026c   0x00000000   Code   RO          589  * .ARM.Collect$$$$00000000  mc_w.l(entry.o)
    0x0000026c   0x00000004   Code   RO          885    .ARM.Collect$$$$00000001  mc_w.l(entry2.o)
    0x00000270   0x00000004   Code   RO          888    .ARM.Collect$$$$00000004  mc_w.l(entry5.o)
    0x00000274   0x00000000   Code   RO          890    .ARM.Collect$$$$00000008  mc_w.l(entry7b.o)
    0x00000274   0x00000000   Code   RO          892    .ARM.Collect$$$$0000000A  mc_w.l(entry8b.o)
    0x00000274   0x00000008   Code   RO          893    .ARM.Collect$$$$0000000B  mc_w.l(entry9a.o)
    0x0000027c   0x00000000   Code   RO          895    .ARM.Collect$$$$0000000D  mc_w.l(entry10a.o)
    0x0000027c   0x00000000   Code   RO          897    .ARM.Collect$$$$0000000F  mc_w.l(entry11a.o)
    0x0000027c   0x00000004   Code   RO          886    .ARM.Collect$$$$00002712  mc_w.l(entry2.o)
    0x00000280   0x000000e0   Code   RO            4    .text               main.o
    0x00000360   0x000002a0   Code   RO          116    .text               adc.o
    0x00000600   0x00000288   Code   RO          148    .text               gpio_port.o
    0x00000888   0x00000208   Code   RO          172    .text               i2c.o
    0x00000a90   0x0000007c   Code   RO          193    .text               pc_buffer.o
    0x00000b0c   0x00000278   Code   RO          262    .text               uart.o
    0x00000d84   0x0000019c   Code   RO          329    .text               ft6x06.o
    0x00000f20   0x000000bc   Code   RO          353    .text               io_expander.o
    0x00000fdc   0x000000c4   Code   RO          377    .text               launchpad_io.o
    0x000010a0   0x000004dc   Code   RO          401    .text               lcd.o
    0x0000157c   0x00000070   Code   RO          437    .text               ps2.o
    0x000015ec   0x00000218   Code   RO          461    .text               serial_debug.o
    0x00001804   0x000000fc   Code   RO          555  * .text               startup_tm4c123.o
    0x00001900   0x0000024c   Code   RO          562    .text               system_tm4c123.o
    0x00001b4c   0x00000062   Code   RO          901    .text               mc_w.l(uldiv.o)
    0x00001bae   0x00000002   PAD
    0x00001bb0   0x00000024   Code   RO          920    .text               mc_w.l(init.o)
    0x00001bd4   0x0000001e   Code   RO          922    .text               mc_w.l(llshl.o)
    0x00001bf2   0x00000020   Code   RO          924    .text               mc_w.l(llushr.o)
    0x00001c12   0x00000002   PAD
    0x00001c14   0x00000020   Code   RO          803    i.__0printf$8       mc_w.l(printf8.o)
    0x00001c34   0x0000000e   Code   RO          932    i.__scatterload_copy  mc_w.l(handlers.o)
    0x00001c42   0x00000002   Code   RO          933    i.__scatterload_null  mc_w.l(handlers.o)
    0x00001c44   0x0000000e   Code   RO          934    i.__scatterload_zeroinit  mc_w.l(handlers.o)
    0x00001c52   0x00000002   PAD
    0x00001c54   0x00000410   Code   RO          810    i._printf_core      mc_w.l(printf8.o)
    0x00002064   0x00000024   Code   RO          811    i._printf_post_padding  mc_w.l(printf8.o)
    0x00002088   0x0000002e   Code   RO          812    i._printf_pre_padding  mc_w.l(printf8.o)
    0x000020b6   0x00000002   PAD
    0x000020b8   0x0000006c   Code   RO          858    i.malloc            mc_w.l(malloc.o)
    0x00002124   0x00000020   Data   RO          930    Region$$Table       anon$$obj.o


    Execution Region ER_RW (Base: 0x20000000, Size: 0x00000038, Max: 0xffffffff, ABSOLUTE)

    Base Addr    Size         Type   Attr      Idx    E Section Name        Object

    0x20000000   0x00000024   Data   RW            5    .data               main.o
    0x20000024   0x00000002   Data   RW          463    .data               serial_debug.o
    0x20000026   0x00000002   PAD
    0x20000028   0x00000004   Data   RW          563    .data               system_tm4c123.o
    0x2000002c   0x00000004   Data   RW          592    .data               mc_w.l(stdout.o)
    0x20000030   0x00000004   Data   RW          907    .data               mc_w.l(mvars.o)
    0x20000034   0x00000004   Data   RW          908    .data               mc_w.l(mvars.o)


    Execution Region ER_ZI (Base: 0x20000038, Size: 0x00000220, Max: 0xffffffff, ABSOLUTE)

    Base Addr    Size         Type   Attr      Idx    E Section Name        Object

    0x20000038   0x0000001c   Zero   RW          462    .bss                serial_debug.o
    0x20000054   0x00000004   PAD
    0x20000058   0x00000000   Zero   RW          553    HEAP                startup_tm4c123.o
    0x20000058   0x00000200   Zero   RW          552    STACK               startup_tm4c123.o


==============================================================================

Image component sizes


      Code (inc. data)   RO Data    RW Data    ZI Data      Debug   Object Name

       672         12          0          0          0      32179   adc.o
       412          4          0          0          0       2152   ft6x06.o
       648         32          0          0          0       5014   gpio_port.o
       520         24          0          0          0       3625   i2c.o
       188          4          0          0          0        876   io_expander.o
       196         26          0          0          0       1762   launchpad_io.o
      1244         26          0          0          0       3348   lcd.o
       224         72          0         36          0      29333   main.o
       124          0          0          0          0       1887   pc_buffer.o
       112         10          0          0          0       1124   ps2.o
       536         24          0          2         28       5848   serial_debug.o
       252         10        620          0        512       5416   startup_tm4c123.o
       588        134          0          4          0       1505   system_tm4c123.o
       632         50          0          0          0      33031   uart.o

    ----------------------------------------------------------------------
      6348        428        652         44        544     127100   Object Totals
         0          0         32          0          0          0   (incl. Generated)
         0          0          0          2          4          0   (incl. Padding)

    ----------------------------------------------------------------------

      Code (inc. data)   RO Data    RW Data    ZI Data      Debug   Library Member Name

         0          0          0          0          0          0   entry.o
         0          0          0          0          0          0   entry10a.o
         0          0          0          0          0          0   entry11a.o
         8          4          0          0          0          0   entry2.o
         4          0          0          0          0          0   entry5.o
         0          0          0          0          0          0   entry7b.o
         0          0          0          0          0          0   entry8b.o
         8          4          0          0          0          0   entry9a.o
        30          0          0          0          0          0   handlers.o
        36          8          0          0          0         68   init.o
        30          0          0          0          0         68   llshl.o
        32          0          0          0          0         68   llushr.o
       108         16          0          0          0         84   malloc.o
         0          0          0          8          0          0   mvars.o
      1154         54          0          0          0        352   printf8.o
         0          0          0          4          0          0   stdout.o
        98          0          0          0          0         92   uldiv.o

    ----------------------------------------------------------------------
      1516         86          0         12          0        732   Library Totals
         8          0          0          0          0          0   (incl. Padding)

    ----------------------------------------------------------------------

      Code (inc. data)   RO Data    RW Data    ZI Data      Debug   Library Name

      1508         86          0         12          0        732   mc_w.l

    ----------------------------------------------------------------------
      1516         86          0         12          0        732   Library Totals

    ----------------------------------------------------------------------

==============================================================================


      Code (inc. data)   RO Data    RW Data    ZI Data      Debug   

      7864        514        652         56        544     126124   Grand Totals
      7864        514        652         56        544     126124   ELF Image Totals
      7864        514        652         56          0          0   ROM Totals

==============================================================================

    Total RO  Size (Code + RO Data)                 8516 (   8.32kB)
    Total RW  Size (RW Data + ZI Data)               600 (   0.59kB)
    Total ROM Size (Code + RO Data + RW Data)       8572 (   8.37kB)

==============================================================================

